// Jest Snapshot v1, https://goo.gl/fbAQLP

exports[`renders correctly 1`] = `
<footer
  className="sc-AxjAm fkxfNR"
>
  <a
    className="sc-AxirZ kNTmzA"
  >
    AGB
  </a>
  <a
    className="sc-AxirZ kNTmzA"
  >
    Datenschutz
  </a>
  <a
    className="sc-AxirZ kNTmzA"
  >
    Impressum
  </a>
</footer>
`;
