// Jest Snapshot v1, https://goo.gl/fbAQLP

exports[`renders correctly 1`] = `
<header
  className="sc-AxjAm biOILs"
>
  <div
    className="sc-AxirZ hlnYRa"
  >
    <div
      className="sc-AxiKw bWcrCB"
    >
      <svg>
        menu.svg
      </svg>
    </div>
    <svg>
      logo.svg
    </svg>
  </div>
  <div
    className="sc-AxirZ hlnYRa"
  >
    <div
      className="sc-AxiKw bWcrCB"
      style={
        Object {
          "width": "auto",
        }
      }
    >
      <svg
        style={
          Object {
            "marginRight": "var(--space-xs",
          }
        }
      >
        contact.svg
      </svg>
      <h5
        className="sc-AxhCb evMNyv"
      >
        header.contactSupport
      </h5>
    </div>
    <div
      className="sc-AxiKw bWcrCB"
    >
      <svg>
        message-active.svg
      </svg>
    </div>
    <div
      className="sc-AxiKw bWcrCB"
    >
      <svg>
        user.svg
      </svg>
    </div>
    <div
      className="sc-AxiKw bWcrCB"
    >
      <svg>
        logout.svg
      </svg>
    </div>
  </div>
</header>
`;
