// Jest Snapshot v1, https://goo.gl/fbAQLP

exports[`renders correctly 1`] = `
Array [
  <h4
    className="sc-AxirZ fOnMZm"
    style={
      Object {
        "marginBottom": "var(--space-md)",
      }
    }
  >
    noResult.title
  </h4>,
  <div
    className="sc-AxhUy eCIPUw"
    style={
      Object {
        "marginBottom": "var(--space-sm)",
      }
    }
  >
    noResult.body
  </div>,
  <button
    className="sc-AxgMl bxcmaw"
    onClick={[Function]}
  >
    noResult.action
  </button>,
]
`;
